// Jest Snapshot v1, https://goo.gl/fbAQLP

exports[`should render NotFoundPage correctly 1`] = `
<Link
  to="/"
>
  404!
</Link>
`;
